========================================================================
JOB=cnyes
START=2026-10-05T23:00:01+08:00
SCRIPT=C:\Users\10501\OneDrive\Desktop\stock_trading\stock_dashboard\run_cnyes_news_nightly.py
PYTHON=C:\Users\10501\AppData\Local\Programs\Python\Python313\pythonw.exe
WORKDIR=C:\Users\10501\OneDrive\Desktop\stock_trading\stock_dashboard
========================================================================
========================================================================
CNYES NIGHTLY NEWS CRAWLER
========================================================================
研究日期 = 2026-10-05
方法 = api
文章數 = 141
檔案 = None
時間窗 = 2026-10-05T00:00:00+08:00 ~ 2026-10-05T23:00:05.316765+08:00
CHILD_RETURN_CODE=0
OUTPUT_VALIDATION=True
OUTPUT_MESSAGE=CNYES output OK: 141 articles
FINAL_RETURN_CODE=0
END=2026-10-05T23:00:05+08:00
