========================================================================
JOB=cnyes
START=2026-10-07T20:36:20+08:00
SCRIPT=C:\Users\10501\OneDrive\Desktop\stock_trading\stock_dashboard\run_cnyes_news_nightly.py
PYTHON=C:\Users\10501\AppData\Local\Programs\Python\Python313\python.exe
WORKDIR=C:\Users\10501\OneDrive\Desktop\stock_trading\stock_dashboard
========================================================================
Traceback (most recent call last):
  File "C:\Users\10501\OneDrive\Desktop\stock_trading\stock_dashboard\run_cnyes_news_nightly.py", line 47, in <module>
    raise SystemExit(main())
                     ~~~~^^
  File "C:\Users\10501\OneDrive\Desktop\stock_trading\stock_dashboard\run_cnyes_news_nightly.py", line 26, in main
    result = crawler.crawl(days=1, force=args.force, max_articles=args.max_articles)
  File "C:\Users\10501\OneDrive\Desktop\stock_trading\stock_dashboard\cnyes_news_crawler.py", line 690, in crawl
    enrich_limit = int(os.getenv("CNYES_DETAIL_ENRICH_MAX", "120"))
                       ^^
NameError: name 'os' is not defined. Did you forget to import 'os'?
CHILD_RETURN_CODE=1
FINAL_RETURN_CODE=1
END=2026-10-07T20:36:23+08:00
========================================================================
JOB=cnyes
START=2026-10-07T23:00:02+08:00
SCRIPT=C:\Users\10501\OneDrive\Desktop\stock_trading\stock_dashboard\run_cnyes_news_nightly.py
PYTHON=C:\Users\10501\AppData\Local\Programs\Python\Python313\python.exe
WORKDIR=C:\Users\10501\OneDrive\Desktop\stock_trading\stock_dashboard
========================================================================
Traceback (most recent call last):
  File "C:\Users\10501\OneDrive\Desktop\stock_trading\stock_dashboard\run_cnyes_news_nightly.py", line 47, in <module>
    raise SystemExit(main())
                     ~~~~^^
  File "C:\Users\10501\OneDrive\Desktop\stock_trading\stock_dashboard\run_cnyes_news_nightly.py", line 26, in main
    result = crawler.crawl(days=1, force=args.force, max_articles=args.max_articles)
  File "C:\Users\10501\OneDrive\Desktop\stock_trading\stock_dashboard\cnyes_news_crawler.py", line 690, in crawl
    enrich_limit = int(os.getenv("CNYES_DETAIL_ENRICH_MAX", "120"))
                       ^^
NameError: name 'os' is not defined. Did you forget to import 'os'?
CHILD_RETURN_CODE=1
FINAL_RETURN_CODE=1
END=2026-10-07T23:00:11+08:00
