========================================================================
JOB=morning
START=2026-10-01T22:00:00+08:00
SCRIPT=C:\Users\10501\OneDrive\Desktop\stock_trading\stock_dashboard\run_morning_report.py
PYTHON=C:\Users\10501\AppData\Local\Programs\Python\Python313\python.exe
WORKDIR=C:\Users\10501\OneDrive\Desktop\stock_trading\stock_dashboard
========================================================================
Traceback (most recent call last):
  File "C:\Users\10501\OneDrive\Desktop\stock_trading\stock_dashboard\run_morning_report.py", line 10, in <module>
    from morning_report_agent import MorningResearchAgent, build_morning_report, DEFAULT_WATCHLIST
  File "C:\Users\10501\OneDrive\Desktop\stock_trading\stock_dashboard\morning_report_agent.py", line 25, in <module>
    from cnyes_news_agent import CnyesNewsDigestAgent
ImportError: cannot import name 'CnyesNewsDigestAgent' from 'cnyes_news_agent' (C:\Users\10501\OneDrive\Desktop\stock_trading\stock_dashboard\cnyes_news_agent.py). Did you mean: 'CnyesNewsAgent'?
CHILD_RETURN_CODE=1
FINAL_RETURN_CODE=1
END=2026-10-01T22:00:00+08:00
========================================================================
JOB=morning
START=2026-10-01T22:06:48+08:00
SCRIPT=C:\Users\10501\OneDrive\Desktop\stock_trading\stock_dashboard\run_morning_report.py
PYTHON=C:\Users\10501\AppData\Local\Programs\Python\Python313\python.exe
WORKDIR=C:\Users\10501\OneDrive\Desktop\stock_trading\stock_dashboard
========================================================================
Traceback (most recent call last):
  File "C:\Users\10501\OneDrive\Desktop\stock_trading\stock_dashboard\run_morning_report.py", line 10, in <module>
    from morning_report_agent import MorningResearchAgent, build_morning_report, DEFAULT_WATCHLIST
  File "C:\Users\10501\OneDrive\Desktop\stock_trading\stock_dashboard\morning_report_agent.py", line 25, in <module>
    from cnyes_news_agent import CnyesNewsDigestAgent
ImportError: cannot import name 'CnyesNewsDigestAgent' from 'cnyes_news_agent' (C:\Users\10501\OneDrive\Desktop\stock_trading\stock_dashboard\cnyes_news_agent.py). Did you mean: 'CnyesNewsAgent'?
CHILD_RETURN_CODE=1
FINAL_RETURN_CODE=1
END=2026-10-01T22:06:48+08:00
========================================================================
JOB=morning
START=2026-10-01T22:08:22+08:00
SCRIPT=C:\Users\10501\OneDrive\Desktop\stock_trading\stock_dashboard\run_morning_report.py
PYTHON=C:\Users\10501\AppData\Local\Programs\Python\Python313\python.exe
WORKDIR=C:\Users\10501\OneDrive\Desktop\stock_trading\stock_dashboard
========================================================================
Traceback (most recent call last):
  File "C:\Users\10501\OneDrive\Desktop\stock_trading\stock_dashboard\run_morning_report.py", line 10, in <module>
    from morning_report_agent import MorningResearchAgent, build_morning_report, DEFAULT_WATCHLIST
  File "C:\Users\10501\OneDrive\Desktop\stock_trading\stock_dashboard\morning_report_agent.py", line 25, in <module>
    from cnyes_news_agent import CnyesNewsDigestAgent
ImportError: cannot import name 'CnyesNewsDigestAgent' from 'cnyes_news_agent' (C:\Users\10501\OneDrive\Desktop\stock_trading\stock_dashboard\cnyes_news_agent.py). Did you mean: 'CnyesNewsAgent'?
CHILD_RETURN_CODE=1
FINAL_RETURN_CODE=1
END=2026-10-01T22:08:22+08:00
========================================================================
JOB=morning
START=2026-10-01T22:08:54+08:00
SCRIPT=C:\Users\10501\OneDrive\Desktop\stock_trading\stock_dashboard\run_morning_report.py
PYTHON=C:\Users\10501\AppData\Local\Programs\Python\Python313\python.exe
WORKDIR=C:\Users\10501\OneDrive\Desktop\stock_trading\stock_dashboard
========================================================================
Traceback (most recent call last):
  File "C:\Users\10501\OneDrive\Desktop\stock_trading\stock_dashboard\run_morning_report.py", line 10, in <module>
    from morning_report_agent import MorningResearchAgent, build_morning_report, DEFAULT_WATCHLIST
  File "C:\Users\10501\OneDrive\Desktop\stock_trading\stock_dashboard\morning_report_agent.py", line 25, in <module>
    from cnyes_news_agent import CnyesNewsDigestAgent
ImportError: cannot import name 'CnyesNewsDigestAgent' from 'cnyes_news_agent' (C:\Users\10501\OneDrive\Desktop\stock_trading\stock_dashboard\cnyes_news_agent.py). Did you mean: 'CnyesNewsAgent'?
CHILD_RETURN_CODE=1
FINAL_RETURN_CODE=1
END=2026-10-01T22:08:54+08:00
